[08:08:34] === GNN ScreenShot 开始 ===
[08:08:34] FlareSolverr: http://localhost:8191/v1
[08:08:34] 调试模式: 开启
[08:08:34] 搜索标签: 動畫瘋26秋
[08:08:34] 已完成季度: 動畫瘋26夏
[08:08:34] 待处理: 動畫瘋26秋
[08:08:34] 测试 FlareSolverr...
  🔍 FlareSolverr 测试响应: status=ok, message=Challenge not detected!
[08:08:37] FlareSolverr 测试: OK (243158 字节)
[08:08:37] 
====== 标签: 動畫瘋26秋 ======
[08:08:37] 目标 URL: https://gnn.gamer.com.tw/search_tag.php?q=%E5%8B%95%E7%95%AB%E7%98%8B26%E7%A7%8B
  🔍 [search_動畫瘋26秋] 请求 FlareSolverr: https://gnn.gamer.com.tw/search_tag.php?q=%E5%8B%95%E7%95%AB%E7%98%8B26%E7%A7%8B
  🔍 [search_動畫瘋26秋] FlareSolverr 响应 status=ok message=Challenge not detected!
  🔍 [search_動畫瘋26秋] HTML 长度: 103059 字节
  🔍 [search_動畫瘋26秋] HTML 已保存到 /home/runner/work/baha-anime-calendar-chinese/baha-anime-calendar-chinese/gnn_screenshots/_debug/search_動畫瘋26秋_0.html
  🔍 [search_動畫瘋26秋] <title>: 搜尋 - 巴哈姆特
[08:08:41] HTML 大小: 100.6 KB
[08:08:41] 解析文章列表...
[08:08:41]   方法1 (GN-lbox2D): 0 个
[08:08:41]   方法2 (detail.php): 1 个
[08:08:41]   去重后总数: 1
[08:08:41] 找到 1 篇文章
[08:08:41]   📄 [detail.php] 動畫瘋 2026 秋季新番推出《FX 戰士久留美》《學生會也有洞！》等作
  🔍      URL: https://gnn.gamer.com.tw/detail.php?sn=312660
[08:08:41] 启动 Chromium 用于截图...
[08:08:48] Chromium 就绪
[08:08:48] 
--- 動畫瘋 2026 秋季新番推出《FX 戰士久留美》《學生會也有洞！》等作 ---
[08:08:48] URL: https://gnn.gamer.com.tw/detail.php?sn=312660
  🔍 [article_動畫瘋 2026 秋季新番推出《FX 戰] 请求 FlareSolverr: https://gnn.gamer.com.tw/detail.php?sn=312660
  🔍 [article_動畫瘋 2026 秋季新番推出《FX 戰] FlareSolverr 响应 status=ok message=Challenge not detected!
  🔍 [article_動畫瘋 2026 秋季新番推出《FX 戰] HTML 长度: 159885 字节
  🔍 [article_動畫瘋 2026 秋季新番推出《FX 戰] HTML 已保存到 /home/runner/work/baha-anime-calendar-chinese/baha-anime-calendar-chinese/gnn_screenshots/_debug/article_動畫瘋 2026 秋季新番推出《FX 戰_1.html
  🔍 [article_動畫瘋 2026 秋季新番推出《FX 戰] <title>: 動畫瘋 2026 秋季新番推出《FX 戰士久留美》《學生會也有洞！》等作 - 巴哈姆特
[08:08:52] 文章 HTML: 156.1 KB
[08:08:52]   正文已保存: /home/runner/work/baha-anime-calendar-chinese/baha-anime-calendar-chinese/gnn_screenshots/動畫瘋26秋/article.txt
[08:08:52]   [desktop] 動畫瘋 2026 秋季新番推出《FX 戰士久留美》《學生會也有洞！》等作
  🔍 [desktop] 保存 HTML 到 /home/runner/work/baha-anime-calendar-chinese/baha-anime-calendar-chinese/gnn_screenshots/_tmp_page.html (160946 字节)
  🔍 [desktop] 等待渲染
[08:08:55]   [desktop] 字体诊断: {"cjk":0,"fontFamily":"\"Helvetica Neue\", Helvetica, Roboto, Arial, \"Lucida Grande\", \"PingFang TC\", 蘋果儷中黑, \"Apple LiGothic Medium\", sans-serif","fonts":["巴哈正黑體:error","巴哈正黑體:unloaded","Material Icons:unloaded","Material Icons Round:unloaded","Teko:unloaded","Teko:unloaded","Teko:unloaded","Teko:unloaded","Teko:unloaded","Teko:unloaded","FontAwesome:loaded","swiper-icons:unloaded","Teko:unloaded","Teko:unloaded","Teko:unloaded"],"fontsCount":15}
  🔍 [desktop] 滚动触发懒加载
  🔍 [desktop] 截图保存到 /home/runner/work/baha-anime-calendar-chinese/baha-anime-calendar-chinese/gnn_screenshots/動畫瘋26秋/desktop/動畫瘋 2026 秋季新番推出《FX 戰士久留美》《學生會也有洞！》等作.png
[08:09:01]     ✅ /home/runner/work/baha-anime-calendar-chinese/baha-anime-calendar-chinese/gnn_screenshots/動畫瘋26秋/desktop/動畫瘋 2026 秋季新番推出《FX 戰士久留美》《學生會也有洞！》等作.png (0.0 MB)
[08:09:01]   [mobile] 動畫瘋 2026 秋季新番推出《FX 戰士久留美》《學生會也有洞！》等作
  🔍 [mobile] 保存 HTML 到 /home/runner/work/baha-anime-calendar-chinese/baha-anime-calendar-chinese/gnn_screenshots/_tmp_page.html (160946 字节)
  🔍 [mobile] 等待渲染
[08:09:03]   [mobile] 字体诊断: {"cjk":0,"fontFamily":"\"Helvetica Neue\", Helvetica, Roboto, Arial, \"Lucida Grande\", \"PingFang TC\", 蘋果儷中黑, \"Apple LiGothic Medium\", sans-serif","fonts":["巴哈正黑體:error","巴哈正黑體:unloaded","Material Icons:unloaded","Material Icons Round:unloaded","Teko:unloaded","Teko:unloaded","Teko:unloaded","Teko:unloaded","Teko:unloaded","Teko:unloaded","FontAwesome:loaded","swiper-icons:unloaded","Teko:unloaded","Teko:unloaded","Teko:unloaded"],"fontsCount":15}
  🔍 [mobile] 滚动触发懒加载
  🔍 [mobile] 截图保存到 /home/runner/work/baha-anime-calendar-chinese/baha-anime-calendar-chinese/gnn_screenshots/動畫瘋26秋/mobile/動畫瘋 2026 秋季新番推出《FX 戰士久留美》《學生會也有洞！》等作.png
[08:09:09]     ✅ /home/runner/work/baha-anime-calendar-chinese/baha-anime-calendar-chinese/gnn_screenshots/動畫瘋26秋/mobile/動畫瘋 2026 秋季新番推出《FX 戰士久留美》《學生會也有洞！》等作.png (0.0 MB)
[08:09:09] Chromium 已关闭
[08:09:09] 截图成功: 2 张
[08:09:09] ✅ README 已更新 (2 张截图)
[08:09:09] 
=== 完成 (耗时 0.0 分钟) ===
